Archive member included to satisfy reference by file (symbol)

../../../../build/lib/libc/libc.a(crt0.S.obj)
                              (__start)
../../../../build/lib/libc/libc.a(crt1.c.obj)
                              ../../../../build/lib/libc/libc.a(crt0.S.obj) (__entryC)
../../../../build/lib/libc/libc.a(strcmp.c.obj)
                              build/py/lexer.o (strcmp)
../../../../build/lib/libc/libc.a(strncmp.c.obj)
                              build/py/builtinimport.o (strncmp)
../../../../build/lib/libc/libc.a(strlen.c.obj)
                              build/py/qstr.o (strlen)
../../../../build/lib/libc/libc.a(memcpy.c.obj)
                              build/py/gc.o (memcpy)
../../../../build/lib/libc/libc.a(memset.c.obj)
                              build/py/gc.o (memset)
../../../../build/lib/libc/libc.a(memcmp.c.obj)
                              build/py/qstr.o (memcmp)
../../../../build/lib/libc/libc.a(memmove.c.obj)
                              build/py/vstr.o (memmove)
../../../../build/lib/libc/libc.a(strchr.c.obj)
                              build/py/objstr.o (strchr)
../../../../build/lib/libc/libc.a(write.c.obj)
                              build/uart_core.o (write)
../../../../build/lib/libc/libc.a(read.c.obj)
                              build/uart_core.o (read)
../../../../build/lib/libc/libc.a(getpid.c.obj)
                              ../../../../build/lib/libc/libc.a(crt1.c.obj) (getpid)
../../../../build/lib/libc/libc.a(__environ.c.obj)
                              ../../../../build/lib/libc/libc.a(crt1.c.obj) (__environ)
../../../../build/lib/libc/libc.a(exit.c.obj)
                              ../../../../build/lib/libc/libc.a(crt0.S.obj) (exit)
../../../../build/lib/libc/libc.a(_Exit.c.obj)
                              ../../../../build/lib/libc/libc.a(exit.c.obj) (_Exit)
../../../../build/lib/libc/libc.a(waitpid.c.obj)
                              ../../../../build/lib/libc/libc.a(crt1.c.obj) (waitpid)
../../../../build/lib/libc/libc.a(sigaction.c.obj)
                              ../../../../build/lib/libc/libc.a(crt1.c.obj) (sigaction)
../../../../build/lib/libc/libc.a(strchrnul.c.obj)
                              ../../../../build/lib/libc/libc.a(strchr.c.obj) (__strchrnul)

Discarded input sections

 .text          0x0000000000000000        0x0 build/py/mpstate.o
 .data          0x0000000000000000        0x0 build/py/mpstate.o
 .bss           0x0000000000000000        0x0 build/py/mpstate.o
 .text          0x0000000000000000        0x0 build/py/nlr.o
 .data          0x0000000000000000        0x0 build/py/nlr.o
 .bss           0x0000000000000000        0x0 build/py/nlr.o
 .eh_frame      0x0000000000000000       0x90 build/py/nlr.o
 .text          0x0000000000000000        0x0 build/py/nlrx86.o
 .data          0x0000000000000000        0x0 build/py/nlrx86.o
 .bss           0x0000000000000000        0x0 build/py/nlrx86.o
 .debug_info    0x0000000000000000       0x87 build/py/nlrx86.o
 .debug_abbrev  0x0000000000000000       0x26 build/py/nlrx86.o
 .debug_aranges
                0x0000000000000000       0x20 build/py/nlrx86.o
 .debug_line    0x0000000000000000       0x1d build/py/nlrx86.o
 .debug_str     0x0000000000000000      0x162 build/py/nlrx86.o
 .comment       0x0000000000000000       0x5e build/py/nlrx86.o
 .note.GNU-stack
                0x0000000000000000        0x0 build/py/nlrx86.o
 .text          0x0000000000000000        0x0 build/py/nlrx64.o
 .data          0x0000000000000000        0x0 build/py/nlrx64.o
 .bss           0x0000000000000000        0x0 build/py/nlrx64.o
 .debug_info    0x0000000000000000       0x87 build/py/nlrx64.o
 .debug_abbrev  0x0000000000000000       0x26 build/py/nlrx64.o
 .debug_aranges
                0x0000000000000000       0x20 build/py/nlrx64.o
 .debug_line    0x0000000000000000       0x1d build/py/nlrx64.o
 .debug_str     0x0000000000000000      0x162 build/py/nlrx64.o
 .comment       0x0000000000000000       0x5e build/py/nlrx64.o
 .note.GNU-stack
                0x0000000000000000        0x0 build/py/nlrx64.o
 .text          0x0000000000000000        0x0 build/py/nlrthumb.o
 .data          0x0000000000000000        0x0 build/py/nlrthumb.o
 .bss           0x0000000000000000        0x0 build/py/nlrthumb.o
 .debug_info    0x0000000000000000       0x87 build/py/nlrthumb.o
 .debug_abbrev  0x0000000000000000       0x26 build/py/nlrthumb.o
 .debug_aranges
                0x0000000000000000       0x20 build/py/nlrthumb.o
 .debug_line    0x0000000000000000       0x1d build/py/nlrthumb.o
 .debug_str     0x0000000000000000      0x164 build/py/nlrthumb.o
 .comment       0x0000000000000000       0x5e build/py/nlrthumb.o
 .note.GNU-stack
                0x0000000000000000        0x0 build/py/nlrthumb.o
 .data          0x0000000000000000        0x0 build/py/nlraarch64.o
 .bss           0x0000000000000000        0x0 build/py/nlraarch64.o
 .eh_frame      0x0000000000000000       0x38 build/py/nlraarch64.o
[...]
Memory Configuration

Name             Origin             Length             Attributes
*default*        0x0000000000000000 0xffffffffffffffff

Linker script and memory map


.text           0x0000000000001000    0x18620
 *(.head)
 .head          0x0000000000001000      0xa70 ../../../../build/lib/libc/libc.a(crt0.S.obj)
                0x0000000000001000                __start
                0x000000000000100c                sys_halt
                0x0000000000001040                sys_write
                0x0000000000001074                sys_read
                0x00000000000010a8                sys_exit
                0x00000000000010dc                sys_execve
                0x0000000000001110                sys_waitpid
                0x0000000000001144                sys_pause
                0x0000000000001178                sys_fork
                0x00000000000011ac                sys_readdir
                0x00000000000011e0                sys_chdir
                0x0000000000001214                sys_getcwd
                0x0000000000001248                sys_creat
                0x000000000000127c                sys_unlink
                0x00000000000012b0                sys_open
                0x00000000000012e4                sys_close
                0x0000000000001318                sys_thread_create
                0x000000000000134c                sys_thread_join
                0x0000000000001380                sys_thread_exit
                0x00000000000013b4                sys_thread_yield
                0x00000000000013e8                sys_pipe
                0x000000000000141c                sys_ioctl
                0x0000000000001450                sys_fcntl
                0x0000000000001484                sys_stat
                0x00000000000014b8                sys_dup
                0x00000000000014ec                sys_dup2
                0x0000000000001520                sys_sched_setparam
                0x0000000000001554                sys_socket
                0x0000000000001588                sys_bind
                0x00000000000015bc                sys_listen
                0x00000000000015f0                sys_accept
                0x0000000000001624                sys_connect
                0x0000000000001658                sys_mmap
                0x000000000000168c                sys_ptrace
                0x00000000000016c0                sys_send
                0x00000000000016f4                sys_recv
                0x0000000000001728                sys_recvfrom
                0x000000000000175c                sys_setsockopt
                0x0000000000001790                sys_sendto
                0x00000000000017c4                sys_getpid
                0x00000000000017f8                sys_gettimeofday
                0x000000000000182c                sys_settimeofday
                0x0000000000001860                sys_clock_gettime
                0x0000000000001894                sys_sbrk
                0x00000000000018c8                sys_info
                0x00000000000018fc                sys_lseek
                0x0000000000001930                sys_mutex_lock
                0x0000000000001964                sys_mutex_unlock
                0x0000000000001998                sys_sigaction
                0x00000000000019cc                sys_kill
                0x0000000000001a00                sys_sigreturn
                0x0000000000001a34                sys_nanosleep
 .head          0x0000000000001a70      0x108 ../../../../build/lib/libc/libc.a(crt1.c.obj)
                0x0000000000001a70                __entryC
 *(.text*)
 .text.nlr_push_tail
                0x0000000000001b78       0x1c build/py/nlr.o
                0x0000000000001b78                nlr_push_tail
 .text.nlr_pop  0x0000000000001b94       0x18 build/py/nlr.o
                0x0000000000001b94                nlr_pop
 .text.nlr_push_jump_callback
                0x0000000000001bac       0x18 build/py/nlr.o
                0x0000000000001bac                nlr_push_jump_callback
 .text.nlr_pop_jump_callback
                0x0000000000001bc4       0x30 build/py/nlr.o
                0x0000000000001bc4                nlr_pop_jump_callback
 .text.nlr_call_jump_callbacks
                0x0000000000001bf4       0x40 build/py/nlr.o
                0x0000000000001bf4                nlr_call_jump_callbacks
 .text          0x0000000000001c34       0x24 build/py/nlraarch64.o
                0x0000000000001c34                nlr_push
 .text.nlr_jump
                0x0000000000001c58       0x64 build/py/nlraarch64.o
                0x0000000000001c58                nlr_jump
 .text.m_malloc
                0x0000000000001cbc       0x38 build/py/malloc.o
                0x0000000000001cbc                m_malloc
 .text.m_malloc_maybe
                0x0000000000001cf4        0x8 build/py/malloc.o
                0x0000000000001cf4                m_malloc_maybe
 .text.m_malloc0
                0x0000000000001cfc        0x4 build/py/malloc.o
                0x0000000000001cfc                m_malloc0
 .text.m_realloc
                0x0000000000001d00       0x38 build/py/malloc.o
                0x0000000000001d00                m_realloc
 .text.m_realloc_maybe
                0x0000000000001d38        0x4 build/py/malloc.o
                0x0000000000001d38                m_realloc_maybe
 .text.m_free   0x0000000000001d3c        0x4 build/py/malloc.o
                0x0000000000001d3c                m_free
 .text.gc_mark_subtree
                0x0000000000001d40       0xe8 build/py/gc.o
 .text.gc_init  0x0000000000001e28       0x60 build/py/gc.o
                0x0000000000001e28                gc_init
 .text.gc_is_locked
                0x0000000000001e88       0x14 build/py/gc.o
                0x0000000000001e88                gc_is_locked
 .text.gc_collect_root
                0x0000000000001e9c       0xd0 build/py/gc.o
                0x0000000000001e9c                gc_collect_root
 .text.gc_collect_start
                0x0000000000001f6c       0x28 build/py/gc.o
                0x0000000000001f6c                gc_collect_start
 .text.gc_collect_end
                0x0000000000001f94      0x1d0 build/py/gc.o
                0x0000000000001f94                gc_collect_end
 .text.gc_info  0x0000000000002164      0x148 build/py/gc.o
                0x0000000000002164                gc_info
 .text.gc_alloc
                0x00000000000022ac      0x18c build/py/gc.o
                0x00000000000022ac                gc_alloc
 .text.gc_free  0x0000000000002438       0x7c build/py/gc.o
                0x0000000000002438                gc_free
 .text.gc_realloc
                0x00000000000024b4      0x1b8 build/py/gc.o
                0x00000000000024b4                gc_realloc
 .text.gc_dump_info
                0x000000000000266c       0x60 build/py/gc.o
                0x000000000000266c                gc_dump_info
 .text.find_qstr
                0x00000000000026cc       0x30 build/py/qstr.o
 .text.qstr_compute_hash
                0x00000000000026fc       0x2c build/py/qstr.o
                0x00000000000026fc                qstr_compute_hash
 .text.qstr_init
                0x0000000000002728       0x1c build/py/qstr.o
                0x0000000000002728                qstr_init
 .text.qstr_find_strn
                0x0000000000002744       0xb4 build/py/qstr.o
                0x0000000000002744                qstr_find_strn
 .text.qstr_from_strn
                0x00000000000027f8      0x1cc build/py/qstr.o
                0x00000000000027f8                qstr_from_strn
 .text.qstr_hash
                0x00000000000029c4       0x28 build/py/qstr.o
                0x00000000000029c4                qstr_hash
 .text.qstr_len
                0x00000000000029ec       0x28 build/py/qstr.o
                0x00000000000029ec                qstr_len
 .text.qstr_str
                0x0000000000002a14       0x28 build/py/qstr.o
                0x0000000000002a14                qstr_str
 .text.qstr_data
                0x0000000000002a3c       0x38 build/py/qstr.o
                0x0000000000002a3c                qstr_data
 .text.mp_decompress_rom_string
                0x0000000000002a74       0xb4 build/py/qstr.o
                0x0000000000002a74                mp_decompress_rom_string
 .text.vstr_ensure_extra
                0x0000000000002b28       0x68 build/py/vstr.o
 .text.vstr_add_strn
                0x0000000000002b90       0x54 build/py/vstr.o
                0x0000000000002b90                vstr_add_strn
 .text.vstr_ins_blank_bytes.constprop.0
                0x0000000000002be4       0x64 build/py/vstr.o
 .text.vstr_init
                0x0000000000002c48       0x34 build/py/vstr.o
                0x0000000000002c48                vstr_init
 .text.vstr_init_len
                0x0000000000002c7c       0x2c build/py/vstr.o
                0x0000000000002c7c                vstr_init_len
 .text.vstr_init_fixed_buf
                0x0000000000002ca8       0x14 build/py/vstr.o
                0x0000000000002ca8                vstr_init_fixed_buf
 .text.vstr_init_print
                0x0000000000002cbc       0x30 build/py/vstr.o
                0x0000000000002cbc                vstr_init_print
 .text.vstr_clear
                0x0000000000002cec       0x30 build/py/vstr.o
                0x0000000000002cec                vstr_clear
 .text.vstr_extend
                0x0000000000002d1c       0x5c build/py/vstr.o
                0x0000000000002d1c                vstr_extend
 .text.vstr_add_len
                0x0000000000002d78       0x34 build/py/vstr.o
                0x0000000000002d78                vstr_add_len
 .text.vstr_null_terminated_str
                0x0000000000002dac       0x3c build/py/vstr.o
                0x0000000000002dac                vstr_null_terminated_str
 .text.vstr_add_byte
                0x0000000000002de8       0x28 build/py/vstr.o
                0x0000000000002de8                vstr_add_byte
 .text.vstr_add_char
                0x0000000000002e10        0x4 build/py/vstr.o
                0x0000000000002e10                vstr_add_char
 .text.vstr_add_str
                0x0000000000002e14       0x34 build/py/vstr.o
                0x0000000000002e14                vstr_add_str
 .text.vstr_ins_byte
                0x0000000000002e48       0x24 build/py/vstr.o
                0x0000000000002e48                vstr_ins_byte
 .text.vstr_ins_char
                0x0000000000002e6c       0x24 build/py/vstr.o
                0x0000000000002e6c                vstr_ins_char
 .text.vstr_cut_tail_bytes
                0x0000000000002e90       0x14 build/py/vstr.o
                0x0000000000002e90                vstr_cut_tail_bytes
 .text.vstr_cut_out_bytes
                0x0000000000002ea4       0x64 build/py/vstr.o
                0x0000000000002ea4                vstr_cut_out_bytes
 .text.plat_print_strn
                0x0000000000002f08        0xc build/py/mpprint.o
 .text.mp_print_str
                0x0000000000002f14       0x4c build/py/mpprint.o
                0x0000000000002f14                mp_print_str
 .text.mp_print_strn
                0x0000000000002f60      0x134 build/py/mpprint.o
                0x0000000000002f60                mp_print_strn
 .text.mp_print_int
                0x0000000000003094      0x13c build/py/mpprint.o
 .text.mp_print_mp_int
                0x00000000000031d0      0x350 build/py/mpprint.o
                0x00000000000031d0                mp_print_mp_int
 .text.mp_vprintf
                0x0000000000003520      0x58c build/py/mpprint.o
                0x0000000000003520                mp_vprintf
 .text.mp_printf
                0x0000000000003aac       0x74 build/py/mpprint.o
                0x0000000000003aac                mp_printf
 .text.unichar_isspace
                0x0000000000003b20       0x24 build/py/unicode.o
                0x0000000000003b20                unichar_isspace
 .text.unichar_isalpha
                0x0000000000003b44       0x24 build/py/unicode.o
                0x0000000000003b44                unichar_isalpha
 .text.unichar_isdigit
                0x0000000000003b68       0x24 build/py/unicode.o
                0x0000000000003b68                unichar_isdigit
 .text.unichar_isxdigit
                0x0000000000003b8c       0x24 build/py/unicode.o
                0x0000000000003b8c                unichar_isxdigit
 .text.unichar_isident
                0x0000000000003bb0       0x38 build/py/unicode.o
                0x0000000000003bb0                unichar_isident
 .text.unichar_isupper
                0x0000000000003be8       0x24 build/py/unicode.o
                0x0000000000003be8                unichar_isupper
 .text.unichar_islower
                0x0000000000003c0c       0x24 build/py/unicode.o
                0x0000000000003c0c                unichar_islower
 .text.unichar_tolower
                0x0000000000003c30       0x28 build/py/unicode.o
                0x0000000000003c30                unichar_tolower
 .text.unichar_toupper
                0x0000000000003c58       0x28 build/py/unicode.o
                0x0000000000003c58                unichar_toupper
 .text.unichar_xdigit_value
                0x0000000000003c80       0x18 build/py/unicode.o
                0x0000000000003c80                unichar_xdigit_value
 .text.mp_reader_mem_readbyte
                0x0000000000003c98       0x24 build/py/reader.o
 .text.mp_reader_mem_close
                0x0000000000003cbc       0x30 build/py/reader.o
 .text.mp_reader_new_mem
                0x0000000000003cec       0x64 build/py/reader.o
                0x0000000000003cec                mp_reader_new_mem
 .text.next_char
                0x0000000000003d50       0xc8 build/py/lexer.o
 .text.skip_whitespace
                0x0000000000003e18       0xc4 build/py/lexer.o
 .text.is_string_or_bytes
                0x0000000000003edc       0x88 build/py/lexer.o
 .text.mp_lexer_to_next
                0x0000000000003f64      0x844 build/py/lexer.o
                0x0000000000003f64                mp_lexer_to_next
 .text.mp_lexer_new
                0x00000000000047a8       0xc8 build/py/lexer.o
                0x00000000000047a8                mp_lexer_new
 .text.mp_lexer_new_from_str_len
                0x0000000000004870       0x40 build/py/lexer.o
                0x0000000000004870                mp_lexer_new_from_str_len
 .text.mp_lexer_free
                0x00000000000048b0       0x44 build/py/lexer.o
                0x00000000000048b0                mp_lexer_free
 .text.pop_result
                0x00000000000048f4       0x14 build/py/parse.o
 .text.parser_alloc
                0x0000000000004908       0xc4 build/py/parse.o
 .text.push_result_node
                0x00000000000049cc       0x60 build/py/parse.o
 .text.push_rule
                0x0000000000004a2c       0x88 build/py/parse.o
 .text.push_rule_from_arg
                0x0000000000004ab4       0x14 build/py/parse.o
 .text.push_result_token.constprop.0
                0x0000000000004ac8      0x118 build/py/parse.o
 .text.push_result_rule
                0x0000000000004be0      0x120 build/py/parse.o
 .text.mp_parse_node_is_const_false
                0x0000000000004d00       0x28 build/py/parse.o
                0x0000000000004d00                mp_parse_node_is_const_false
 .text.mp_parse_node_is_const_true
                0x0000000000004d28       0x28 build/py/parse.o
                0x0000000000004d28                mp_parse_node_is_const_true
 .text.mp_parse_node_extract_list
                0x0000000000004d50       0x44 build/py/parse.o
                0x0000000000004d50                mp_parse_node_extract_list
 .text.mp_parse
                0x0000000000004d94      0x514 build/py/parse.o
                0x0000000000004d94                mp_parse
 .text.mp_parse_tree_clear
                0x00000000000052a8       0x34 build/py/parse.o
                0x00000000000052a8                mp_parse_tree_clear
 .text.scope_new
                0x00000000000052dc       0x8c build/py/scope.o
                0x00000000000052dc                scope_new
 .text.scope_free
                0x0000000000005368       0x28 build/py/scope.o
                0x0000000000005368                scope_free
 .text.scope_find
                0x0000000000005390       0x38 build/py/scope.o
                0x0000000000005390                scope_find
 .text.scope_find_or_add_id
                0x00000000000053c8       0x8c build/py/scope.o
                0x00000000000053c8                scope_find_or_add_id
 .text.scope_find_global
                0x0000000000005454       0x14 build/py/scope.o
                0x0000000000005454                scope_find_global
 .text.scope_check_to_close_over
                0x0000000000005468       0xa0 build/py/scope.o
                0x0000000000005468                scope_check_to_close_over
 .text.apply_to_single_or_list
                0x0000000000005508       0x94 build/py/compile.o
 .text.compile_del_stmt
                0x000000000000559c       0x14 build/py/compile.o
 .text.compile_import_name
                0x00000000000055b0       0x14 build/py/compile.o
 .text.scope_new_and_link
                0x00000000000055c4       0x54 build/py/compile.o
 .text.compile_trailer_period
                0x0000000000005618       0x14 build/py/compile.o
 .text.compile_const_object
                0x000000000000562c        0xc build/py/compile.o
 .text.close_over_variables_etc
                0x0000000000005638      0x134 build/py/compile.o
 .text.compile_funcdef_lambdef
                0x000000000000576c       0xa0 build/py/compile.o
 .text.compile_lambdef
                0x000000000000580c       0x54 build/py/compile.o
 .text.compile_funcdef_helper
                0x0000000000005860       0x64 build/py/compile.o
 .text.compile_increase_except_level
                0x00000000000058c4       0x4c build/py/compile.o
 .text.compile_decrease_except_level
                0x0000000000005910       0x14 build/py/compile.o
 .text.do_import_name
                0x0000000000005924      0x194 build/py/compile.o
 .text.compile_error_set_line
                0x0000000000005ab8       0x20 build/py/compile.o
 .text.compile_syntax_error
                0x0000000000005ad8       0x50 build/py/compile.o
 .text.compile_star_expr
                0x0000000000005b28        0xc build/py/compile.o
 .text.compile_break_cont_stmt
                0x0000000000005b34       0x60 build/py/compile.o
 .text.compile_load_id
                0x0000000000005b94       0x30 build/py/compile.o
 .text.compile_store_id
                0x0000000000005bc4       0x30 build/py/compile.o
 .text.compile_funcdef
                0x0000000000005bf4       0x30 build/py/compile.o
 .text.compile_import_from
                0x0000000000005c24      0x1c8 build/py/compile.o
 .text.compile_dotted_as_name
                0x0000000000005dec       0x54 build/py/compile.o
 .text.compile_delete_id
                0x0000000000005e40       0x30 build/py/compile.o
 .text.compile_node
                0x0000000000005e70       0xc8 build/py/compile.o
 .text.c_assign
                0x0000000000005f38      0x28c build/py/compile.o
 .text.c_assign_tuple
                0x00000000000061c4       0xf0 build/py/compile.o
 .text.c_if_cond
                0x00000000000062b4      0x19c build/py/compile.o
 .text.compile_scope_comp_iter
                0x0000000000006450      0x140 build/py/compile.o
 .text.compile_scope
                0x0000000000006590      0x2d4 build/py/compile.o
 .text.compile_yield_expr
                0x0000000000006864       0xa0 build/py/compile.o
 .text.compile_dictorsetmaker_item
                0x0000000000006904       0x30 build/py/compile.o
 .text.compile_trailer_bracket
                0x0000000000006934       0x2c build/py/compile.o
 .text.compile_while_stmt
                0x0000000000006960       0xec build/py/compile.o
 .text.compile_yield_stmt
                0x0000000000006a4c       0x28 build/py/compile.o
 .text.compile_return_stmt
                0x0000000000006a74       0x3c build/py/compile.o
 .text.c_del_stmt
                0x0000000000006ab0      0x1b4 build/py/compile.o
 .text.compile_generic_tuple
                0x0000000000006c64       0x5c build/py/compile.o
 .text.compile_generic_all_nodes
                0x0000000000006cc0       0x84 build/py/compile.o
 .text.compile_power
                0x0000000000006d44       0x28 build/py/compile.o
 .text.compile_if_stmt
                0x0000000000006d6c      0x168 build/py/compile.o
 .text.compile_comprehension
                0x0000000000006ed4       0x94 build/py/compile.o
 .text.compile_atom_paren
                0x0000000000006f68       0x54 build/py/compile.o
 .text.compile_atom_bracket
                0x0000000000006fbc       0xb8 build/py/compile.o
 .text.compile_trailer_paren_helper
                0x0000000000007074      0x1d4 build/py/compile.o
 .text.compile_classdef_helper
                0x0000000000007248       0xa0 build/py/compile.o
 .text.compile_classdef
                0x00000000000072e8       0x30 build/py/compile.o
 .text.compile_trailer_paren
                0x0000000000007318       0x10 build/py/compile.o
 .text.compile_decorated
                0x0000000000007328      0x184 build/py/compile.o
 .text.compile_funcdef_lambdef_param
                0x00000000000074ac      0x144 build/py/compile.o
 .text.compile_atom_expr_normal
                0x00000000000075f0      0x1fc build/py/compile.o
 .text.compile_term
                0x00000000000077ec       0x7c build/py/compile.o
 .text.compile_binary_op
                0x0000000000007868       0x74 build/py/compile.o
 .text.compile_expr_stmt
                0x00000000000078dc      0x1e4 build/py/compile.o
 .text.compile_factor_2
                0x0000000000007ac0       0x44 build/py/compile.o
 .text.compile_not_test_2
                0x0000000000007b04       0x2c build/py/compile.o
 .text.compile_or_and_test
                0x0000000000007b30       0x98 build/py/compile.o
 .text.compile_comparison
                0x0000000000007bc8      0x184 build/py/compile.o
 .text.compile_test_if_expr
                0x0000000000007d4c       0x90 build/py/compile.o
 .text.compile_for_stmt
                0x0000000000007ddc      0x3ec build/py/compile.o
 .text.compile_with_stmt_helper
                0x00000000000081c8       0xf0 build/py/compile.o
 .text.compile_with_stmt
                0x00000000000082b8       0x44 build/py/compile.o
 .text.compile_try_except
                0x00000000000082fc      0x258 build/py/compile.o
 .text.compile_try_finally
                0x0000000000008554       0xcc build/py/compile.o
 .text.compile_try_stmt
                0x0000000000008620       0xc8 build/py/compile.o
 .text.compile_raise_stmt
                0x00000000000086e8       0x70 build/py/compile.o
 .text.compile_assert_stmt
                0x0000000000008758       0xa8 build/py/compile.o
 .text.compile_global_nonlocal_stmt
                0x0000000000008800      0x168 build/py/compile.o
 .text.compile_scope_func_lambda_param.constprop.0
                0x0000000000008968      0x130 build/py/compile.o
 .text.compile_scope_func_param
                0x0000000000008a98        0xc build/py/compile.o
 .text.compile_scope_lambda_param
                0x0000000000008aa4        0xc build/py/compile.o
 .text.compile_atom_brace
                0x0000000000008ab0      0x168 build/py/compile.o
 .text.mp_compile
                0x0000000000008c18      0x4dc build/py/compile.o
                0x0000000000008c18                mp_compile
 .text.strictly_equal
                0x00000000000090f4       0xc8 build/py/emitcommon.o
 .text.mp_emit_common_use_qstr
                0x00000000000091bc       0x58 build/py/emitcommon.o
                0x00000000000091bc                mp_emit_common_use_qstr
 .text.mp_emit_common_use_const_obj
                0x0000000000009214       0x70 build/py/emitcommon.o
                0x0000000000009214                mp_emit_common_use_const_obj
 .text.mp_emit_common_get_id_for_modification
                0x0000000000009284       0x48 build/py/emitcommon.o
                0x0000000000009284                mp_emit_common_get_id_for_modification
 .text.mp_emit_common_id_op
                0x00000000000092cc       0x9c build/py/emitcommon.o
                0x00000000000092cc                mp_emit_common_id_op
 .text.emit_get_cur_to_write_code_info
                0x0000000000009368       0x30 build/py/emitbc.o
 .text.emit_get_cur_to_write_bytecode
                0x0000000000009398       0x48 build/py/emitbc.o
 .text.emit_write_bytecode_raw_byte
                0x00000000000093e0       0x20 build/py/emitbc.o
 .text.emit_bc_new
                0x0000000000009400       0x28 build/py/emitbc.o
                0x0000000000009400                emit_bc_new
 .text.emit_bc_set_max_num_labels
                0x0000000000009428       0x2c build/py/emitbc.o
                0x0000000000009428                emit_bc_set_max_num_labels
 .text.emit_bc_free
                0x0000000000009454       0x28 build/py/emitbc.o
                0x0000000000009454                emit_bc_free
 .text.mp_emit_bc_start_pass
                0x000000000000947c      0x214 build/py/emitbc.o
                0x000000000000947c                mp_emit_bc_start_pass
 .text.mp_emit_bc_end_pass
                0x0000000000009690      0x128 build/py/emitbc.o
                0x0000000000009690                mp_emit_bc_end_pass
 .text.mp_emit_bc_adjust_stack_size
                0x00000000000097b8       0x30 build/py/emitbc.o
                0x00000000000097b8                mp_emit_bc_adjust_stack_size
 .text.emit_write_bytecode_byte
                0x00000000000097e8       0x30 build/py/emitbc.o
 .text.emit_write_bytecode_byte_uint
                0x0000000000009818       0x2c build/py/emitbc.o
 .text.emit_write_bytecode_byte_qstr
                0x0000000000009844       0x48 build/py/emitbc.o
 .text.mp_emit_bc_load_global
                0x000000000000988c       0x10 build/py/emitbc.o
                0x000000000000988c                mp_emit_bc_load_global
 .text.mp_emit_bc_store_global
                0x000000000000989c       0x10 build/py/emitbc.o
                0x000000000000989c                mp_emit_bc_store_global
 .text.mp_emit_bc_delete_global
                0x00000000000098ac       0x10 build/py/emitbc.o
                0x00000000000098ac                mp_emit_bc_delete_global
 .text.emit_write_bytecode_byte_child
                0x00000000000098bc       0x38 build/py/emitbc.o
 .text.mp_emit_bc_delete_local
                0x00000000000098f4       0x14 build/py/emitbc.o
                0x00000000000098f4                mp_emit_bc_delete_local
 .text.emit_bc_call_function_method_helper
                0x0000000000009908       0x20 build/py/emitbc.o
 .text.mp_emit_bc_load_local
                0x0000000000009928       0x2c build/py/emitbc.o
                0x0000000000009928                mp_emit_bc_load_local
 .text.mp_emit_bc_store_local
                0x0000000000009954       0x2c build/py/emitbc.o
                0x0000000000009954                mp_emit_bc_store_local
 .text.emit_write_bytecode_byte_label
                0x0000000000009980       0xf0 build/py/emitbc.o
 .text.mp_emit_bc_set_source_line
                0x0000000000009a70        0x4 build/py/emitbc.o
                0x0000000000009a70                mp_emit_bc_set_source_line
 .text.mp_emit_bc_label_assign
                0x0000000000009a74       0x3c build/py/emitbc.o
                0x0000000000009a74                mp_emit_bc_label_assign
 .text.mp_emit_bc_import
                0x0000000000009ab0       0x3c build/py/emitbc.o
                0x0000000000009ab0                mp_emit_bc_import
 .text.mp_emit_bc_load_const_tok
                0x0000000000009aec       0x50 build/py/emitbc.o
                0x0000000000009aec                mp_emit_bc_load_const_tok
 .text.mp_emit_bc_load_const_small_int
                0x0000000000009b3c       0xcc build/py/emitbc.o
                0x0000000000009b3c                mp_emit_bc_load_const_small_int
 .text.mp_emit_bc_load_const_str
                0x0000000000009c08       0x10 build/py/emitbc.o
                0x0000000000009c08                mp_emit_bc_load_const_str
 .text.mp_emit_bc_load_const_obj
                0x0000000000009c18       0x34 build/py/emitbc.o
                0x0000000000009c18                mp_emit_bc_load_const_obj
 .text.mp_emit_bc_load_null
                0x0000000000009c4c        0xc build/py/emitbc.o
                0x0000000000009c4c                mp_emit_bc_load_null
 .text.mp_emit_bc_load_method
                0x0000000000009c58       0x1c build/py/emitbc.o
                0x0000000000009c58                mp_emit_bc_load_method
 .text.mp_emit_bc_load_build_class
                0x0000000000009c74        0xc build/py/emitbc.o
                0x0000000000009c74                mp_emit_bc_load_build_class
 .text.mp_emit_bc_dup_top
                0x0000000000009c80        0xc build/py/emitbc.o
                0x0000000000009c80                mp_emit_bc_dup_top
 .text.mp_emit_bc_dup_top_two
                0x0000000000009c8c        0xc build/py/emitbc.o
                0x0000000000009c8c                mp_emit_bc_dup_top_two
 .text.mp_emit_bc_pop_top
                0x0000000000009c98        0xc build/py/emitbc.o
                0x0000000000009c98                mp_emit_bc_pop_top
 .text.mp_emit_bc_rot_two
                0x0000000000009ca4        0xc build/py/emitbc.o
                0x0000000000009ca4                mp_emit_bc_rot_two
 .text.mp_emit_bc_attr
                0x0000000000009cb0       0x60 build/py/emitbc.o
                0x0000000000009cb0                mp_emit_bc_attr
 .text.mp_emit_bc_rot_three
                0x0000000000009d10        0xc build/py/emitbc.o
                0x0000000000009d10                mp_emit_bc_rot_three
 .text.mp_emit_bc_subscr
                0x0000000000009d1c       0x50 build/py/emitbc.o
                0x0000000000009d1c                mp_emit_bc_subscr
 .text.mp_emit_bc_jump
                0x0000000000009d6c       0x2c build/py/emitbc.o
                0x0000000000009d6c                mp_emit_bc_jump
 .text.mp_emit_bc_pop_jump_if
                0x0000000000009d98       0x20 build/py/emitbc.o
                0x0000000000009d98                mp_emit_bc_pop_jump_if
 .text.mp_emit_bc_jump_if_or_pop
                0x0000000000009db8       0x20 build/py/emitbc.o
                0x0000000000009db8                mp_emit_bc_jump_if_or_pop
 .text.mp_emit_bc_unwind_jump
                0x0000000000009dd8       0x98 build/py/emitbc.o
                0x0000000000009dd8                mp_emit_bc_unwind_jump
 .text.mp_emit_bc_setup_block
                0x0000000000009e70       0x18 build/py/emitbc.o
                0x0000000000009e70                mp_emit_bc_setup_block
 .text.mp_emit_bc_with_cleanup
                0x0000000000009e88       0x4c build/py/emitbc.o
                0x0000000000009e88                mp_emit_bc_with_cleanup
 .text.mp_emit_bc_end_finally
                0x0000000000009ed4        0xc build/py/emitbc.o
                0x0000000000009ed4                mp_emit_bc_end_finally
 .text.mp_emit_bc_get_iter
                0x0000000000009ee0       0x1c build/py/emitbc.o
                0x0000000000009ee0                mp_emit_bc_get_iter
 .text.mp_emit_bc_for_iter
                0x0000000000009efc       0x10 build/py/emitbc.o
                0x0000000000009efc                mp_emit_bc_for_iter
 .text.mp_emit_bc_for_iter_end
                0x0000000000009f0c        0x8 build/py/emitbc.o
                0x0000000000009f0c                mp_emit_bc_for_iter_end
 .text.mp_emit_bc_pop_except_jump
                0x0000000000009f14       0x2c build/py/emitbc.o
                0x0000000000009f14                mp_emit_bc_pop_except_jump
 .text.mp_emit_bc_unary_op
                0x0000000000009f40        0xc build/py/emitbc.o
                0x0000000000009f40                mp_emit_bc_unary_op
 .text.mp_emit_bc_binary_op
                0x0000000000009f4c       0x68 build/py/emitbc.o
                0x0000000000009f4c                mp_emit_bc_binary_op
 .text.mp_emit_bc_build
                0x0000000000009fb4       0x1c build/py/emitbc.o
                0x0000000000009fb4                mp_emit_bc_build
 .text.mp_emit_bc_store_map
                0x0000000000009fd0        0xc build/py/emitbc.o
                0x0000000000009fd0                mp_emit_bc_store_map
 .text.mp_emit_bc_store_comp
                0x0000000000009fdc       0x20 build/py/emitbc.o
                0x0000000000009fdc                mp_emit_bc_store_comp
 .text.mp_emit_bc_unpack_sequence
                0x0000000000009ffc       0x10 build/py/emitbc.o
                0x0000000000009ffc                mp_emit_bc_unpack_sequence
 .text.mp_emit_bc_unpack_ex
                0x000000000000a00c       0x14 build/py/emitbc.o
                0x000000000000a00c                mp_emit_bc_unpack_ex
 .text.mp_emit_bc_make_function
                0x000000000000a020       0x24 build/py/emitbc.o
                0x000000000000a020                mp_emit_bc_make_function
 .text.mp_emit_bc_make_closure
                0x000000000000a044       0x54 build/py/emitbc.o
                0x000000000000a044                mp_emit_bc_make_closure
 .text.mp_emit_bc_call_function
                0x000000000000a098       0x18 build/py/emitbc.o
                0x000000000000a098                mp_emit_bc_call_function
 .text.mp_emit_bc_call_method
                0x000000000000a0b0       0x18 build/py/emitbc.o
                0x000000000000a0b0                mp_emit_bc_call_method
 .text.mp_emit_bc_return_value
                0x000000000000a0c8       0x28 build/py/emitbc.o
                0x000000000000a0c8                mp_emit_bc_return_value
 .text.mp_emit_bc_raise_varargs
                0x000000000000a0f0       0x28 build/py/emitbc.o
                0x000000000000a0f0                mp_emit_bc_raise_varargs
 .text.mp_emit_bc_yield
                0x000000000000a118       0x30 build/py/emitbc.o
                0x000000000000a118                mp_emit_bc_yield
 .text.mp_emit_bc_start_except_handler
                0x000000000000a148        0x8 build/py/emitbc.o
                0x000000000000a148                mp_emit_bc_start_except_handler
 .text.mp_emit_bc_end_except_handler
                0x000000000000a150        0x8 build/py/emitbc.o
                0x000000000000a150                mp_emit_bc_end_except_handler
 .text.mp_parse_num_base
                0x000000000000a158       0xd8 build/py/parsenumbase.o
                0x000000000000a158                mp_parse_num_base
 .text.raise_exc
                0x000000000000a230       0x38 build/py/parsenum.o
 .text.mp_parse_num_integer
                0x000000000000a268      0x1c0 build/py/parsenum.o
                0x000000000000a268                mp_parse_num_integer
 .text.mp_parse_num_float
                0x000000000000a428       0x2c build/py/parsenum.o
                0x000000000000a428                mp_parse_num_float
 .text.mp_emit_glue_new_raw_code
                0x000000000000a454       0x28 build/py/emitglue.o
                0x000000000000a454                mp_emit_glue_new_raw_code
 .text.mp_emit_glue_assign_bytecode
                0x000000000000a47c       0x20 build/py/emitglue.o
                0x000000000000a47c                mp_emit_glue_assign_bytecode
 .text.mp_make_function_from_raw_code
                0x000000000000a49c       0x44 build/py/emitglue.o
                0x000000000000a49c                mp_make_function_from_raw_code
 .text.mp_make_closure_from_raw_code
                0x000000000000a4e0       0x44 build/py/emitglue.o
                0x000000000000a4e0                mp_make_closure_from_raw_code
 .text.mp_globals_locals_set_from_nlr_jump_callback
                0x000000000000a524       0x14 build/py/runtime.o
                0x000000000000a524                mp_globals_locals_set_from_nlr_jump_callback
 .text.type_get_iternext
                0x000000000000a538       0x58 build/py/runtime.o
 .text.mp_init  0x000000000000a590       0x64 build/py/runtime.o
                0x000000000000a590                mp_init
 .text.mp_deinit
                0x000000000000a5f4        0x4 build/py/runtime.o
                0x000000000000a5f4                mp_deinit
 .text.mp_load_build_class
                0x000000000000a5f8        0xc build/py/runtime.o
                0x000000000000a5f8                mp_load_build_class
 .text.mp_store_name
                0x000000000000a604       0x18 build/py/runtime.o
                0x000000000000a604                mp_store_name
 .text.mp_delete_name
                0x000000000000a61c       0x14 build/py/runtime.o
                0x000000000000a61c                mp_delete_name
 .text.mp_store_global
                0x000000000000a630       0x18 build/py/runtime.o
                0x000000000000a630                mp_store_global
 .text.mp_delete_global
                0x000000000000a648       0x14 build/py/runtime.o
                0x000000000000a648                mp_delete_global
 .text.mp_convert_member_lookup
                0x000000000000a65c       0x94 build/py/runtime.o
                0x000000000000a65c                mp_convert_member_lookup
 .text.mp_load_method_maybe
                0x000000000000a6f0       0xd8 build/py/runtime.o
                0x000000000000a6f0                mp_load_method_maybe
 .text.mp_load_method_protected
                0x000000000000a7c8       0x78 build/py/runtime.o
                0x000000000000a7c8                mp_load_method_protected
 .text.mp_import_name
                0x000000000000a840       0x34 build/py/runtime.o
                0x000000000000a840                mp_import_name
 .text.mp_import_all
                0x000000000000a874       0x84 build/py/runtime.o
                0x000000000000a874                mp_import_all
 .text.mp_raise_msg
                0x000000000000a8f8       0x1c build/py/runtime.o
                0x000000000000a8f8                mp_raise_msg
 .text.mp_load_global
                0x000000000000a914       0x6c build/py/runtime.o
                0x000000000000a914                mp_load_global
 .text.mp_load_name
                0x000000000000a980       0x5c build/py/runtime.o
                0x000000000000a980                mp_load_name
 .text.mp_load_method
                0x000000000000a9dc       0x3c build/py/runtime.o
                0x000000000000a9dc                mp_load_method
 .text.mp_load_attr
                0x000000000000aa18       0x28 build/py/runtime.o
                0x000000000000aa18                mp_load_attr
 .text.mp_store_attr
                0x000000000000aa40       0x78 build/py/runtime.o
                0x000000000000aa40                mp_store_attr
 .text.mp_raise_msg_varg
                0x000000000000aab8       0x70 build/py/runtime.o
                0x000000000000aab8                mp_raise_msg_varg
 .text.mp_import_from
                0x000000000000ab28      0x11c build/py/runtime.o
                0x000000000000ab28                mp_import_from
 .text.m_malloc_fail
                0x000000000000ac44       0x40 build/py/runtime.o
                0x000000000000ac44                m_malloc_fail
 .text.mp_raise_ValueError
                0x000000000000ac84       0x18 build/py/runtime.o
                0x000000000000ac84                mp_raise_ValueError
 .text.mp_raise_TypeError
                0x000000000000ac9c       0x18 build/py/runtime.o
                0x000000000000ac9c                mp_raise_TypeError
 .text.mp_unary_op
                0x000000000000acb4      0x19c build/py/runtime.o
                0x000000000000acb4                mp_unary_op
 .text.mp_call_function_n_kw
                0x000000000000ae50       0x68 build/py/runtime.o
                0x000000000000ae50                mp_call_function_n_kw
 .text.mp_call_function_0
                0x000000000000aeb8       0x10 build/py/runtime.o
                0x000000000000aeb8                mp_call_function_0
 .text.mp_parse_compile_execute
                0x000000000000aec8       0x90 build/py/runtime.o
                0x000000000000aec8                mp_parse_compile_execute
 .text.mp_call_function_1
                0x000000000000af58       0x24 build/py/runtime.o
                0x000000000000af58                mp_call_function_1
 .text.mp_call_method_n_kw
                0x000000000000af7c       0x2c build/py/runtime.o
                0x000000000000af7c                mp_call_method_n_kw
 .text.mp_make_raise_obj
                0x000000000000afa8       0x70 build/py/runtime.o
                0x000000000000afa8                mp_make_raise_obj
 .text.mp_resume
                0x000000000000b018      0x1c0 build/py/runtime.o
                0x000000000000b018                mp_resume
 .text.mp_getiter
                0x000000000000b1d8       0xec build/py/runtime.o
                0x000000000000b1d8                mp_getiter
 .text.mp_iternext_allow_raise
                0x000000000000b2c4       0x80 build/py/runtime.o
                0x000000000000b2c4                mp_iternext_allow_raise
 .text.mp_iternext
                0x000000000000b344       0xd0 build/py/runtime.o
                0x000000000000b344                mp_iternext
 .text.mp_call_method_n_kw_var
                0x000000000000b414      0x438 build/py/runtime.o
                0x000000000000b414                mp_call_method_n_kw_var
 .text.mp_unpack_sequence
                0x000000000000b84c       0xf0 build/py/runtime.o
                0x000000000000b84c                mp_unpack_sequence
 .text.mp_unpack_ex
                0x000000000000b93c      0x1b4 build/py/runtime.o
                0x000000000000b93c                mp_unpack_ex
 .text.mp_binary_op
                0x000000000000baf0      0x3c8 build/py/runtime.o
                0x000000000000baf0                mp_binary_op
 .text.mp_raise_NotImplementedError
                0x000000000000beb8       0x18 build/py/runtime.o
                0x000000000000beb8                mp_raise_NotImplementedError
 .text.mp_raise_type_arg
                0x000000000000bed0       0x20 build/py/runtime.o
                0x000000000000bed0                mp_raise_type_arg
 .text.mp_raise_StopIteration
                0x000000000000bef0       0x20 build/py/runtime.o
                0x000000000000bef0                mp_raise_StopIteration
 .text.mp_raise_TypeError_int_conversion
                0x000000000000bf10       0x14 build/py/runtime.o
                0x000000000000bf10                mp_raise_TypeError_int_conversion
 .text.mp_raise_OSError
                0x000000000000bf24       0x1c build/py/runtime.o
                0x000000000000bf24                mp_raise_OSError
 .text.mp_handle_pending
                0x000000000000bf40       0x34 build/py/scheduler.o
                0x000000000000bf40                mp_handle_pending
 .text.mp_arg_error_terse_mismatch
                0x000000000000bf74       0x14 build/py/argcheck.o
                0x000000000000bf74                mp_arg_error_terse_mismatch
 .text.mp_arg_check_num_sig
                0x000000000000bf88       0x4c build/py/argcheck.o
                0x000000000000bf88                mp_arg_check_num_sig
 .text.mp_arg_parse_all
                0x000000000000bfd4      0x104 build/py/argcheck.o
                0x000000000000bfd4                mp_arg_parse_all
 .text.mp_map_init
                0x000000000000c0d8       0x40 build/py/map.o
                0x000000000000c0d8                mp_map_init
 .text.mp_map_init_fixed_table
                0x000000000000c118       0x14 build/py/map.o
                0x000000000000c118                mp_map_init_fixed_table
 .text.mp_map_clear
                0x000000000000c12c       0x40 build/py/map.o
                0x000000000000c12c                mp_map_clear
 .text.mp_map_lookup
                0x000000000000c16c      0x240 build/py/map.o
                0x000000000000c16c                mp_map_lookup
 .text.mp_map_rehash
                0x000000000000c3ac       0xc4 build/py/map.o
 .text.mp_obj_malloc_helper
                0x000000000000c470       0x24 build/py/obj.o
                0x000000000000c470                mp_obj_malloc_helper
 .text.mp_obj_get_type
                0x000000000000c494       0x24 build/py/obj.o
                0x000000000000c494                mp_obj_get_type
 .text.mp_obj_get_type_str
                0x000000000000c4b8       0x18 build/py/obj.o
                0x000000000000c4b8                mp_obj_get_type_str
 .text.mp_obj_print_helper
                0x000000000000c4d0       0x58 build/py/obj.o
                0x000000000000c4d0                mp_obj_print_helper
 .text.mp_obj_print_exception
                0x000000000000c528       0xfc build/py/obj.o
                0x000000000000c528                mp_obj_print_exception
 .text.mp_obj_is_callable
                0x000000000000c624       0x58 build/py/obj.o
                0x000000000000c624                mp_obj_is_callable
 .text.mp_obj_get_int_maybe
                0x000000000000c67c       0x98 build/py/obj.o
                0x000000000000c67c                mp_obj_get_int_maybe
 .text.mp_obj_get_int
                0x000000000000c714       0x38 build/py/obj.o
                0x000000000000c714                mp_obj_get_int
 .text.mp_obj_get_int_truncated
                0x000000000000c74c       0x28 build/py/obj.o
                0x000000000000c74c                mp_obj_get_int_truncated
 .text.mp_obj_get_array
                0x000000000000c774       0x48 build/py/obj.o
                0x000000000000c774                mp_obj_get_array
 .text.mp_get_index
                0x000000000000c7bc       0xa0 build/py/obj.o
                0x000000000000c7bc                mp_get_index
 .text.mp_obj_id
                0x000000000000c85c       0x20 build/py/obj.o
                0x000000000000c85c                mp_obj_id
 .text.mp_obj_len_maybe
                0x000000000000c87c       0x9c build/py/obj.o
                0x000000000000c87c                mp_obj_len_maybe
 .text.mp_obj_is_true
                0x000000000000c918       0xa0 build/py/obj.o
                0x000000000000c918                mp_obj_is_true
 .text.mp_obj_equal_not_equal
                0x000000000000c9b8      0x1a8 build/py/obj.o
                0x000000000000c9b8                mp_obj_equal_not_equal
 .text.mp_obj_equal
                0x000000000000cb60       0x20 build/py/obj.o
                0x000000000000cb60                mp_obj_equal
 .text.mp_obj_len
                0x000000000000cb80       0x24 build/py/obj.o
                0x000000000000cb80                mp_obj_len
 .text.mp_obj_subscr
                0x000000000000cba4       0x7c build/py/obj.o
                0x000000000000cba4                mp_obj_subscr
 .text.mp_get_buffer
                0x000000000000cc20       0x4c build/py/obj.o
                0x000000000000cc20                mp_get_buffer
 .text.mp_get_buffer_raise
                0x000000000000cc6c       0x28 build/py/obj.o
                0x000000000000cc6c                mp_get_buffer_raise
 .text.bool_binary_op
                0x000000000000cc94       0x14 build/py/objbool.o
 .text.bool_unary_op
                0x000000000000cca8       0x24 build/py/objbool.o
 .text.bool_print
                0x000000000000cccc       0x20 build/py/objbool.o
 .text.bool_make_new
                0x000000000000ccec       0x50 build/py/objbool.o
 .text.mp_call_method_self_n_kw
                0x000000000000cd3c       0xc4 build/py/objboundmeth.o
                0x000000000000cd3c                mp_call_method_self_n_kw
 .text.bound_meth_call
                0x000000000000ce00       0x18 build/py/objboundmeth.o
 .text.mp_obj_new_bound_meth
                0x000000000000ce18       0x34 build/py/objboundmeth.o
                0x000000000000ce18                mp_obj_new_bound_meth
 .text.mp_obj_new_cell
                0x000000000000ce4c       0x30 build/py/objcell.o
                0x000000000000ce4c                mp_obj_new_cell
 .text.closure_call
                0x000000000000ce7c       0xf8 build/py/objclosure.o
 .text.mp_obj_new_closure
                0x000000000000cf74       0x68 build/py/objclosure.o
                0x000000000000cf74                mp_obj_new_closure
 .text.dict_view_getiter
                0x000000000000cfdc       0x28 build/py/objdict.o
 .text.dict_getiter
                0x000000000000d004       0x20 build/py/objdict.o
 .text.mp_ensure_not_fixed
                0x000000000000d024       0x1c build/py/objdict.o
 .text.dict_values
                0x000000000000d040       0x38 build/py/objdict.o
 .text.dict_get_helper
                0x000000000000d078       0xa0 build/py/objdict.o
 .text.dict_setdefault
                0x000000000000d118        0x8 build/py/objdict.o
 .text.dict_pop
                0x000000000000d120        0x8 build/py/objdict.o
 .text.dict_get
                0x000000000000d128        0x8 build/py/objdict.o
 .text.dict_clear
                0x000000000000d130       0x2c build/py/objdict.o
 .text.dict_unary_op
                0x000000000000d15c       0x44 build/py/objdict.o
 .text.dict_view_unary_op
                0x000000000000d1a0       0x28 build/py/objdict.o
 .text.dict_iter_next
                0x000000000000d1c8       0x44 build/py/objdict.o
 .text.dict_view_it_iternext
                0x000000000000d20c       0x60 build/py/objdict.o
 .text.dict_view_print
                0x000000000000d26c       0xc0 build/py/objdict.o
 .text.dict_print
                0x000000000000d32c       0xbc build/py/objdict.o
 .text.dict_popitem
                0x000000000000d3e8       0x80 build/py/objdict.o
 .text.dict_binary_op
                0x000000000000d468       0xd4 build/py/objdict.o
 .text.dict_view_binary_op
                0x000000000000d53c       0x24 build/py/objdict.o
 .text.dict_items
                0x000000000000d560       0x34 build/py/objdict.o
 .text.dict_keys
                0x000000000000d594       0x38 build/py/objdict.o
 .text.mp_obj_is_dict_or_ordereddict
                0x000000000000d5cc       0x3c build/py/objdict.o
                0x000000000000d5cc                mp_obj_is_dict_or_ordereddict
 .text.dict_update
                0x000000000000d608      0x18c build/py/objdict.o
 .text.mp_obj_dict_get
                0x000000000000d794       0x40 build/py/objdict.o
                0x000000000000d794                mp_obj_dict_get
 .text.mp_obj_dict_init
                0x000000000000d7d4       0x10 build/py/objdict.o
                0x000000000000d7d4                mp_obj_dict_init
 .text.mp_obj_new_dict
                0x000000000000d7e4       0x34 build/py/objdict.o
                0x000000000000d7e4                mp_obj_new_dict
 .text.mp_obj_dict_make_new
                0x000000000000d818       0x7c build/py/objdict.o
                0x000000000000d818                mp_obj_dict_make_new
 .text.mp_obj_dict_copy
                0x000000000000d894       0x50 build/py/objdict.o
                0x000000000000d894                mp_obj_dict_copy
 .text.mp_obj_dict_len
                0x000000000000d8e4        0xc build/py/objdict.o
                0x000000000000d8e4                mp_obj_dict_len
 .text.mp_obj_dict_store
                0x000000000000d8f0       0x48 build/py/objdict.o
                0x000000000000d8f0                mp_obj_dict_store
 .text.mp_obj_dict_delete
                0x000000000000d938       0x38 build/py/objdict.o
                0x000000000000d938                mp_obj_dict_delete
 .text.dict_subscr
                0x000000000000d970       0x60 build/py/objdict.o
 .text.mp_obj_exception_make_new
                0x000000000000d9d0       0xb4 build/py/objexcept.o
                0x000000000000d9d0                mp_obj_exception_make_new
 .text.decompress_error_text_maybe
                0x000000000000da84       0xb4 build/py/objexcept.o
 .text.mp_obj_exception_print
                0x000000000000db38       0xe0 build/py/objexcept.o
                0x000000000000db38                mp_obj_exception_print
 .text.exc_add_strn
                0x000000000000dc18       0xac build/py/objexcept.o
 .text.mp_obj_is_native_exception_instance
                0x000000000000dcc4       0x64 build/py/objexcept.o
                0x000000000000dcc4                mp_obj_is_native_exception_instance
 .text.get_native_exception
                0x000000000000dd28       0x30 build/py/objexcept.o
 .text.mp_obj_exception_get_value
                0x000000000000dd58       0x40 build/py/objexcept.o
                0x000000000000dd58                mp_obj_exception_get_value
 .text.mp_obj_exception_attr
                0x000000000000dd98       0x74 build/py/objexcept.o
                0x000000000000dd98                mp_obj_exception_attr
 .text.mp_obj_new_exception
                0x000000000000de0c       0x10 build/py/objexcept.o
                0x000000000000de0c                mp_obj_new_exception
 .text.mp_obj_new_exception_msg
                0x000000000000de1c       0x8c build/py/objexcept.o
                0x000000000000de1c                mp_obj_new_exception_msg
 .text.mp_obj_new_exception_msg_vlist
                0x000000000000dea8      0x128 build/py/objexcept.o
                0x000000000000dea8                mp_obj_new_exception_msg_vlist
 .text.mp_obj_is_exception_type
                0x000000000000dfd0       0x54 build/py/objexcept.o
                0x000000000000dfd0                mp_obj_is_exception_type
 .text.mp_obj_is_exception_instance
                0x000000000000e024       0x14 build/py/objexcept.o
                0x000000000000e024                mp_obj_is_exception_instance
 .text.mp_obj_exception_match
                0x000000000000e038       0x40 build/py/objexcept.o
                0x000000000000e038                mp_obj_exception_match
 .text.mp_obj_exception_add_traceback
                0x000000000000e078       0xac build/py/objexcept.o
                0x000000000000e078                mp_obj_exception_add_traceback
 .text.mp_obj_exception_get_traceback
                0x000000000000e124       0x44 build/py/objexcept.o
                0x000000000000e124                mp_obj_exception_get_traceback
 .text.fun_builtin_0_call
                0x000000000000e168       0x34 build/py/objfun.o
 .text.fun_builtin_1_call
                0x000000000000e19c       0x3c build/py/objfun.o
 .text.fun_builtin_2_call
                0x000000000000e1d8       0x3c build/py/objfun.o
 .text.fun_builtin_3_call
                0x000000000000e214       0x40 build/py/objfun.o
 .text.fun_bc_call
                0x000000000000e254      0x158 build/py/objfun.o
 .text.fun_builtin_var_call
                0x000000000000e3ac       0x8c build/py/objfun.o
 .text.mp_obj_fun_get_name
                0x000000000000e438       0x4c build/py/objfun.o
                0x000000000000e438                mp_obj_fun_get_name
 .text.mp_obj_new_fun_bc
                0x000000000000e484       0xb8 build/py/objfun.o
                0x000000000000e484                mp_obj_new_fun_bc
 .text.gen_wrap_call
                0x000000000000e53c       0xd0 build/py/objgenerator.o
 .text.gen_instance_print
                0x000000000000e60c       0x3c build/py/objgenerator.o
 .text.mp_obj_gen_resume
                0x000000000000e648      0x120 build/py/objgenerator.o
                0x000000000000e648                mp_obj_gen_resume
 .text.gen_resume_and_raise
                0x000000000000e768       0x68 build/py/objgenerator.o
 .text.gen_instance_throw
                0x000000000000e7d0       0x2c build/py/objgenerator.o
 .text.gen_instance_send
                0x000000000000e7fc        0xc build/py/objgenerator.o
 .text.gen_instance_iternext
                0x000000000000e808       0x10 build/py/objgenerator.o
 .text.gen_instance_close
                0x000000000000e818       0x70 build/py/objgenerator.o
 .text.it_iternext
                0x000000000000e888       0x88 build/py/objgetitemiter.o
 .text.mp_obj_new_getitem_iter
                0x000000000000e910       0x30 build/py/objgetitemiter.o
                0x000000000000e910                mp_obj_new_getitem_iter
 .text.mp_obj_int_unary_op
                0x000000000000e940        0x8 build/py/objint.o
                0x000000000000e940                mp_obj_int_unary_op
 .text.int_to_bytes
                0x000000000000e948       0xa0 build/py/objint.o
 .text.mp_obj_int_make_new
                0x000000000000e9e8       0xbc build/py/objint.o
 .text.mp_int_format_size
                0x000000000000eaa4       0x6c build/py/objint.o
                0x000000000000eaa4                mp_int_format_size
 .text.mp_obj_int_formatted
                0x000000000000eb10      0x198 build/py/objint.o
                0x000000000000eb10                mp_obj_int_formatted
 .text.mp_obj_int_print
                0x000000000000eca8       0x68 build/py/objint.o
                0x000000000000eca8                mp_obj_int_print
 .text.mp_obj_int_sign
                0x000000000000ed10       0x20 build/py/objint.o
                0x000000000000ed10                mp_obj_int_sign
 .text.mp_obj_new_int_from_str_len
                0x000000000000ed30       0x1c build/py/objint.o
                0x000000000000ed30                mp_obj_new_int_from_str_len
 .text.mp_obj_new_int_from_ll
                0x000000000000ed4c       0x1c build/py/objint.o
                0x000000000000ed4c                mp_obj_new_int_from_ll
 .text.mp_obj_new_int_from_uint
                0x000000000000ed68       0x30 build/py/objint.o
                0x000000000000ed68                mp_obj_new_int_from_uint
 .text.int_from_bytes
                0x000000000000ed98       0x74 build/py/objint.o
 .text.mp_obj_new_int
                0x000000000000ee0c       0x30 build/py/objint.o
                0x000000000000ee0c                mp_obj_new_int
 .text.mp_obj_int_get_truncated
                0x000000000000ee3c        0x8 build/py/objint.o
                0x000000000000ee3c                mp_obj_int_get_truncated
 .text.mp_obj_int_get_checked
                0x000000000000ee44        0x8 build/py/objint.o
                0x000000000000ee44                mp_obj_int_get_checked
 .text.mp_obj_int_binary_op_extra_cases
                0x000000000000ee4c       0xa4 build/py/objint.o
                0x000000000000ee4c                mp_obj_int_binary_op_extra_cases
 .text.mp_obj_int_binary_op
                0x000000000000eef0        0x4 build/py/objint.o
                0x000000000000eef0                mp_obj_int_binary_op
 .text.list_unary_op
                0x000000000000eef4       0x40 build/py/objlist.o
 .text.list_getiter
                0x000000000000ef34       0x24 build/py/objlist.o
 .text.list_reverse
                0x000000000000ef58       0x50 build/py/objlist.o
 .text.list_it_iternext
                0x000000000000efa8       0x30 build/py/objlist.o
 .text.list_pop
                0x000000000000efd8       0xcc build/py/objlist.o
 .text.list_index
                0x000000000000f0a4       0x14 build/py/objlist.o
 .text.mp_obj_list_remove
                0x000000000000f0b8       0x34 build/py/objlist.o
                0x000000000000f0b8                mp_obj_list_remove
 .text.list_clear
                0x000000000000f0ec       0x44 build/py/objlist.o
 .text.mp_obj_list_append
                0x000000000000f130       0x78 build/py/objlist.o
                0x000000000000f130                mp_obj_list_append
 .text.list_extend_from_iter
                0x000000000000f1a8       0x48 build/py/objlist.o
 .text.list_insert
                0x000000000000f1f0       0x80 build/py/objlist.o
 .text.list_count
                0x000000000000f270        0xc build/py/objlist.o
 .text.list_print
                0x000000000000f27c       0x84 build/py/objlist.o
 .text.mp_quicksort
                0x000000000000f300      0x160 build/py/objlist.o
 .text.mp_obj_list_sort
                0x000000000000f460       0x7c build/py/objlist.o
                0x000000000000f460                mp_obj_list_sort
 .text.list_extend
                0x000000000000f4dc       0xc0 build/py/objlist.o
 .text.mp_obj_list_init
                0x000000000000f59c       0x60 build/py/objlist.o
                0x000000000000f59c                mp_obj_list_init
 .text.list_new
                0x000000000000f5fc       0x34 build/py/objlist.o
 .text.list_binary_op
                0x000000000000f630      0x15c build/py/objlist.o
 .text.mp_obj_list_make_new
                0x000000000000f78c       0x4c build/py/objlist.o
                0x000000000000f78c                mp_obj_list_make_new
 .text.mp_obj_new_list
                0x000000000000f7d8       0x4c build/py/objlist.o
                0x000000000000f7d8                mp_obj_new_list
 .text.list_copy
                0x000000000000f824        0xc build/py/objlist.o
 .text.mp_obj_list_get
                0x000000000000f830       0x10 build/py/objlist.o
                0x000000000000f830                mp_obj_list_get
 .text.mp_obj_list_set_len
                0x000000000000f840        0x8 build/py/objlist.o
                0x000000000000f840                mp_obj_list_set_len
 .text.mp_obj_list_store
                0x000000000000f848       0x3c build/py/objlist.o
                0x000000000000f848                mp_obj_list_store
 .text.list_subscr
                0x000000000000f884       0x68 build/py/objlist.o
 .text.map_iternext
                0x000000000000f8ec       0x88 build/py/objmap.o
 .text.map_make_new
                0x000000000000f974       0x98 build/py/objmap.o
 .text.module_attr
                0x000000000000fa0c       0x70 build/py/objmodule.o
 .text.module_print
                0x000000000000fa7c       0x58 build/py/objmodule.o
 .text.mp_obj_new_module
                0x000000000000fad4       0x80 build/py/objmodule.o
                0x000000000000fad4                mp_obj_new_module
 .text.mp_module_get_builtin
                0x000000000000fb54       0xa4 build/py/objmodule.o
                0x000000000000fb54                mp_module_get_builtin
 .text.object_make_new
                0x000000000000fbf8       0x34 build/py/objobject.o
 .text.polymorph_it_iternext
                0x000000000000fc2c        0xc build/py/objpolyiter.o
 .text.none_print
                0x000000000000fc38        0xc build/py/objnone.o
 .text.range_it_iternext
                0x000000000000fc44       0x4c build/py/objrange.o
 .text.range_unary_op
                0x000000000000fc90       0x60 build/py/objrange.o
 .text.range_getiter
                0x000000000000fcf0       0x24 build/py/objrange.o
 .text.range_print
                0x000000000000fd14       0x60 build/py/objrange.o
 .text.range_make_new
                0x000000000000fd74       0xac build/py/objrange.o
 .text.range_subscr
                0x000000000000fe20       0x78 build/py/objrange.o
 .text.singleton_print
                0x000000000000fe98       0x10 build/py/objsingleton.o
 .text.arg_looks_integer
                0x000000000000fea8       0x40 build/py/objstr.o
 .text.mp_obj_new_str_iterator
                0x000000000000fee8       0x24 build/py/objstr.o
 .text.mp_obj_new_bytes_iterator
                0x000000000000ff0c       0x24 build/py/objstr.o
 .text.bytes_it_iternext
                0x000000000000ff30       0x70 build/py/objstr.o
 .text.terse_str_format_value_error
                0x000000000000ffa0       0x14 build/py/objstr.o
 .text.str_check_arg_type
                0x000000000000ffb4       0x38 build/py/objstr.o
 .text.mp_obj_new_str_type_from_vstr
                0x000000000000ffec       0xbc build/py/objstr.o
 .text.str_caseconv
                0x00000000000100a8       0x9c build/py/objstr.o
 .text.str_lower
                0x0000000000010144       0x10 build/py/objstr.o
 .text.str_upper
                0x0000000000010154       0x10 build/py/objstr.o
 .text.str_join
                0x0000000000010164      0x1c0 build/py/objstr.o
 .text.str_uni_istype
                0x0000000000010324       0xe8 build/py/objstr.o
 .text.str_isspace
                0x000000000001040c       0x10 build/py/objstr.o
 .text.str_isalpha
                0x000000000001041c       0x10 build/py/objstr.o
 .text.str_isdigit
                0x000000000001042c       0x10 build/py/objstr.o
 .text.str_isupper
                0x000000000001043c       0x10 build/py/objstr.o
 .text.str_islower
                0x000000000001044c       0x10 build/py/objstr.o
 .text.str_to_int
                0x000000000001045c       0x58 build/py/objstr.o
 .text.mp_obj_str_get_buffer
                0x00000000000104b4       0x68 build/py/objstr.o
                0x00000000000104b4                mp_obj_str_get_buffer
 .text.mp_str_print_quoted
                0x000000000001051c      0x184 build/py/objstr.o
                0x000000000001051c                mp_str_print_quoted
 .text.str_print
                0x00000000000106a0       0xd8 build/py/objstr.o
 .text.find_subbytes
                0x0000000000010778       0x94 build/py/objstr.o
                0x0000000000010778                find_subbytes
 .text.mp_obj_str_binary_op
                0x000000000001080c      0x264 build/py/objstr.o
                0x000000000001080c                mp_obj_str_binary_op
 .text.str_replace
                0x0000000000010a70      0x220 build/py/objstr.o
 .text.str_finder
                0x0000000000010c90      0x15c build/py/objstr.o
 .text.str_find
                0x0000000000010dec        0xc build/py/objstr.o
 .text.str_rfind
                0x0000000000010df8        0xc build/py/objstr.o
 .text.str_index
                0x0000000000010e04        0xc build/py/objstr.o
 .text.str_rindex
                0x0000000000010e10        0xc build/py/objstr.o
 .text.mp_obj_new_str_copy
                0x0000000000010e1c       0x74 build/py/objstr.o
                0x0000000000010e1c                mp_obj_new_str_copy
 .text.mp_obj_new_str_via_qstr
                0x0000000000010e90       0x1c build/py/objstr.o
                0x0000000000010e90                mp_obj_new_str_via_qstr
 .text.bytes_subscr
                0x0000000000010eac       0xac build/py/objstr.o
 .text.str_it_iternext
                0x0000000000010f58       0x74 build/py/objstr.o
 .text.mp_obj_new_str_from_vstr
                0x0000000000010fcc       0x10 build/py/objstr.o
                0x0000000000010fcc                mp_obj_new_str_from_vstr
 .text.mp_obj_new_bytes_from_vstr
                0x0000000000010fdc       0x10 build/py/objstr.o
                0x0000000000010fdc                mp_obj_new_bytes_from_vstr
 .text.mp_obj_new_str
                0x0000000000010fec       0x4c build/py/objstr.o
                0x0000000000010fec                mp_obj_new_str
 .text.mp_obj_str_make_new
                0x0000000000011038      0x14c build/py/objstr.o
                0x0000000000011038                mp_obj_str_make_new
 .text.mp_obj_new_bytes
                0x0000000000011184       0x14 build/py/objstr.o
                0x0000000000011184                mp_obj_new_bytes
 .text.bytes_make_new
                0x0000000000011198      0x1c4 build/py/objstr.o
 .text.mp_obj_new_str_of_type
                0x000000000001135c       0x24 build/py/objstr.o
                0x000000000001135c                mp_obj_new_str_of_type
 .text.str_uni_strip
                0x0000000000011380      0x1bc build/py/objstr.o
 .text.str_strip
                0x000000000001153c       0x10 build/py/objstr.o
 .text.str_lstrip
                0x000000000001154c       0x10 build/py/objstr.o
 .text.str_rstrip
                0x000000000001155c       0x10 build/py/objstr.o
 .text.mp_obj_str_equal
                0x000000000001156c       0xf8 build/py/objstr.o
                0x000000000001156c                mp_obj_str_equal
 .text.mp_obj_str_get_qstr
                0x0000000000011664       0x4c build/py/objstr.o
                0x0000000000011664                mp_obj_str_get_qstr
 .text.mp_obj_str_get_str
                0x00000000000116b0       0x6c build/py/objstr.o
                0x00000000000116b0                mp_obj_str_get_str
 .text.mp_obj_str_get_data
                0x000000000001171c       0x84 build/py/objstr.o
                0x000000000001171c                mp_obj_str_get_data
 .text.mp_obj_str_split
                0x00000000000117a0      0x22c build/py/objstr.o
                0x00000000000117a0                mp_obj_str_split
 .text.str_rsplit
                0x00000000000119cc      0x1bc build/py/objstr.o
 .text.str_startswith
                0x0000000000011b88       0xd4 build/py/objstr.o
 .text.str_endswith
                0x0000000000011c5c       0xa8 build/py/objstr.o
 .text.mp_obj_str_format_helper
                0x0000000000011d04      0x6fc build/py/objstr.o
 .text.mp_obj_str_format
                0x0000000000012400       0x8c build/py/objstr.o
                0x0000000000012400                mp_obj_str_format
 .text.mp_obj_str_intern_checked
                0x000000000001248c       0x20 build/py/objstr.o
                0x000000000001248c                mp_obj_str_intern_checked
 .text.mp_obj_tuple_getiter
                0x00000000000124ac       0x24 build/py/objtuple.o
                0x00000000000124ac                mp_obj_tuple_getiter
 .text.tuple_it_iternext
                0x00000000000124d0       0x30 build/py/objtuple.o
 .text.mp_obj_tuple_print
                0x0000000000012500       0xa4 build/py/objtuple.o
                0x0000000000012500                mp_obj_tuple_print
 .text.tuple_index
                0x00000000000125a4       0x18 build/py/objtuple.o
 .text.tuple_count
                0x00000000000125bc       0x10 build/py/objtuple.o
 .text.mp_obj_tuple_unary_op
                0x00000000000125cc       0xa4 build/py/objtuple.o
                0x00000000000125cc                mp_obj_tuple_unary_op
 .text.mp_obj_tuple_subscr
                0x0000000000012670       0x44 build/py/objtuple.o
                0x0000000000012670                mp_obj_tuple_subscr
 .text.mp_obj_new_tuple
                0x00000000000126b4       0x68 build/py/objtuple.o
                0x00000000000126b4                mp_obj_new_tuple
 .text.mp_obj_tuple_make_new
                0x000000000001271c       0xe8 build/py/objtuple.o
 .text.mp_obj_tuple_binary_op
                0x0000000000012804      0x198 build/py/objtuple.o
                0x0000000000012804                mp_obj_tuple_binary_op
 .text.mp_obj_tuple_get
                0x000000000001299c       0x14 build/py/objtuple.o
                0x000000000001299c                mp_obj_tuple_get
 .text.mp_obj_tuple_del
                0x00000000000129b0        0x4 build/py/objtuple.o
                0x00000000000129b0                mp_obj_tuple_del
 .text.instance_count_native_bases
                0x00000000000129b4       0x44 build/py/objtype.o
 .text.native_base_init_wrapper
                0x00000000000129f8       0x60 build/py/objtype.o
 .text.mp_obj_class_lookup
                0x0000000000012a58      0x148 build/py/objtype.o
 .text.type_attr
                0x0000000000012ba0       0x98 build/py/objtype.o
 .text.super_attr
                0x0000000000012c38       0xb0 build/py/objtype.o
 .text.type_call
                0x0000000000012ce8       0x30 build/py/objtype.o
 .text.mp_obj_instance_getiter
                0x0000000000012d18       0xbc build/py/objtype.o
                0x0000000000012d18                mp_obj_instance_getiter
 .text.mp_obj_instance_attr
                0x0000000000012dd4       0xe4 build/py/objtype.o
 .text.type_print
                0x0000000000012eb8       0x10 build/py/objtype.o
 .text.static_class_method_make_new
                0x0000000000012ec8       0x40 build/py/objtype.o
 .text.super_make_new
                0x0000000000012f08       0x6c build/py/objtype.o
 .text.instance_subscr
                0x0000000000012f74       0xc8 build/py/objtype.o
 .text.instance_binary_op
                0x000000000001303c       0xc4 build/py/objtype.o
 .text.instance_unary_op
                0x0000000000013100      0x10c build/py/objtype.o
 .text.super_print
                0x000000000001320c       0x68 build/py/objtype.o
 .text.instance_print
                0x0000000000013274      0x10c build/py/objtype.o
 .text.instance_get_buffer
                0x0000000000013380       0x94 build/py/objtype.o
 .text.mp_obj_instance_make_new
                0x0000000000013414      0x228 build/py/objtype.o
 .text.mp_obj_instance_call
                0x000000000001363c       0xa8 build/py/objtype.o
                0x000000000001363c                mp_obj_instance_call
 .text.mp_obj_instance_is_callable
                0x00000000000136e4       0x48 build/py/objtype.o
                0x00000000000136e4                mp_obj_instance_is_callable
 .text.mp_obj_new_type
                0x000000000001372c      0x27c build/py/objtype.o
                0x000000000001372c                mp_obj_new_type
 .text.type_make_new
                0x00000000000139a8       0x6c build/py/objtype.o
 .text.mp_load_super_method
                0x0000000000013a14       0x3c build/py/objtype.o
                0x0000000000013a14                mp_load_super_method
 .text.mp_obj_is_subclass_fast
                0x0000000000013a50       0x4c build/py/objtype.o
                0x0000000000013a50                mp_obj_is_subclass_fast
 .text.mp_obj_is_subclass
                0x0000000000013a9c       0xc4 build/py/objtype.o
 .text.mp_builtin_issubclass
                0x0000000000013b60       0x34 build/py/objtype.o
 .text.mp_builtin_isinstance
                0x0000000000013b94       0x24 build/py/objtype.o
 .text.mp_obj_cast_to_native_base
                0x0000000000013bb8       0x4c build/py/objtype.o
                0x0000000000013bb8                mp_obj_cast_to_native_base
 .text.zip_iternext
                0x0000000000013c04       0x84 build/py/objzip.o
 .text.zip_make_new
                0x0000000000013c88       0x88 build/py/objzip.o
 .text.op_getitem
                0x0000000000013d10       0x44 build/py/opmethods.o
 .text.op_setitem
                0x0000000000013d54       0x50 build/py/opmethods.o
 .text.op_delitem
                0x0000000000013da4       0x44 build/py/opmethods.o
 .text.mp_seq_multiply
                0x0000000000013de8       0x54 build/py/sequence.o
                0x0000000000013de8                mp_seq_multiply
 .text.mp_seq_cmp_bytes
                0x0000000000013e3c       0xcc build/py/sequence.o
                0x0000000000013e3c                mp_seq_cmp_bytes
 .text.mp_seq_cmp_objs
                0x0000000000013f08      0x108 build/py/sequence.o
                0x0000000000013f08                mp_seq_cmp_objs
 .text.mp_seq_index_obj
                0x0000000000014010       0xcc build/py/sequence.o
                0x0000000000014010                mp_seq_index_obj
 .text.mp_seq_count_obj
                0x00000000000140dc       0x6c build/py/sequence.o
                0x00000000000140dc                mp_seq_count_obj
 .text.mp_get_stream
                0x0000000000014148       0x18 build/py/stream.o
 .text.stream_unbuffered_readline
                0x0000000000014160       0xf4 build/py/stream.o
 .text.mp_stream_unbuffered_iter
                0x0000000000014254       0x38 build/py/stream.o
                0x0000000000014254                mp_stream_unbuffered_iter
 .text.mp_binary_set_int
                0x000000000001428c       0x60 build/py/binary.o
                0x000000000001428c                mp_binary_set_int
 .text.unregister_module_from_nlr_jump_callback
                0x00000000000142ec       0x1c build/py/builtinimport.o
 .text.evaluate_relative_import
                0x0000000000014308      0x134 build/py/builtinimport.o
 .text.stat_path
                0x000000000001443c       0x4c build/py/builtinimport.o
 .text.stat_module
                0x0000000000014488       0x50 build/py/builtinimport.o
 .text.do_load  0x00000000000144d8       0xd4 build/py/builtinimport.o
 .text.process_import_at_level.constprop.0
                0x00000000000145ac      0x1cc build/py/builtinimport.o
 .text.mp_builtin___import___default
                0x0000000000014778      0x118 build/py/builtinimport.o
                0x0000000000014778                mp_builtin___import___default
 .text.eval_exec_helper
                0x0000000000014890       0xc4 build/py/builtinevex.o
 .text.mp_builtin_eval
                0x0000000000014954        0x8 build/py/builtinevex.o
 .text.mp_builtin_exec
                0x000000000001495c        0x8 build/py/builtinevex.o
 .text.mp_builtin_globals
                0x0000000000014964        0xc build/py/modbuiltins.o
 .text.mp_builtin_locals
                0x0000000000014970        0xc build/py/modbuiltins.o
 .text.mp_builtin___build_class__
                0x000000000001497c       0xb4 build/py/modbuiltins.o
 .text.mp_builtin_abs
                0x0000000000014a30        0xc build/py/modbuiltins.o
 .text.mp_builtin_hash
                0x0000000000014a3c        0xc build/py/modbuiltins.o
 .text.mp_builtin_iter
                0x0000000000014a48        0x8 build/py/modbuiltins.o
 .text.mp_builtin_all
                0x0000000000014a50       0x48 build/py/modbuiltins.o
 .text.mp_builtin_any
                0x0000000000014a98       0x48 build/py/modbuiltins.o
 .text.mp_builtin_bin
                0x0000000000014ae0       0x28 build/py/modbuiltins.o
 .text.mp_builtin_hex
                0x0000000000014b08       0x28 build/py/modbuiltins.o
 .text.mp_builtin_oct
                0x0000000000014b30       0x28 build/py/modbuiltins.o
 .text.mp_builtin_callable
                0x0000000000014b58       0x24 build/py/modbuiltins.o
 .text.mp_builtin_chr
                0x0000000000014b7c       0x38 build/py/modbuiltins.o
 .text.mp_builtin_divmod
                0x0000000000014bb4       0x10 build/py/modbuiltins.o
 .text.mp_builtin_sum
                0x0000000000014bc4       0x64 build/py/modbuiltins.o
 .text.mp_builtin_ord
                0x0000000000014c28       0x3c build/py/modbuiltins.o
 .text.mp_builtin_pow
                0x0000000000014c64       0x2c build/py/modbuiltins.o
 .text.mp_builtin_print
                0x0000000000014c90       0xd8 build/py/modbuiltins.o
 .text.mp_builtin_repr
                0x0000000000014d68       0x44 build/py/modbuiltins.o
 .text.mp_builtin_round
                0x0000000000014dac       0x54 build/py/modbuiltins.o
 .text.mp_builtin_sorted
                0x0000000000014e00       0x60 build/py/modbuiltins.o
 .text.mp_builtin_hasattr
                0x0000000000014e60       0x4c build/py/modbuiltins.o
 .text.mp_builtin_getattr
                0x0000000000014eac       0x78 build/py/modbuiltins.o
 .text.mp_builtin_setattr
                0x0000000000014f24       0x3c build/py/modbuiltins.o
 .text.mp_builtin_next
                0x0000000000014f60       0x24 build/py/modbuiltins.o
 .text.mp_builtin___repl_print__
                0x0000000000014f84       0x54 build/py/modbuiltins.o
 .text.mp_builtin_dir
                0x0000000000014fd8       0xd0 build/py/modbuiltins.o
 .text.mp_execute_bytecode
                0x00000000000150a8     0x119c build/py/vm.o
                0x00000000000150a8                mp_execute_bytecode
 .text.mp_encode_uint
                0x0000000000016244       0x74 build/py/bc.o
                0x0000000000016244                mp_encode_uint
 .text.mp_decode_uint
                0x00000000000162b8       0x24 build/py/bc.o
                0x00000000000162b8                mp_decode_uint
 .text.mp_decode_uint_value
                0x00000000000162dc       0x1c build/py/bc.o
                0x00000000000162dc                mp_decode_uint_value
 .text.mp_decode_uint_skip
                0x00000000000162f8        0xc build/py/bc.o
                0x00000000000162f8                mp_decode_uint_skip
 .text.mp_setup_code_state
                0x0000000000016304      0x50c build/py/bc.o
                0x0000000000016304                mp_setup_code_state
 .text.str_startswith_word
                0x0000000000016810       0x60 build/py/repl.o
 .text.test_qstr
                0x0000000000016870       0x74 build/py/repl.o
 .text.mp_repl_continue_with_input
                0x00000000000168e4      0x274 build/py/repl.o
                0x00000000000168e4                mp_repl_continue_with_input
 .text.mp_repl_autocomplete
                0x0000000000016b58      0x3a0 build/py/repl.o
                0x0000000000016b58                mp_repl_autocomplete
 .text.mp_small_int_mul_overflow
                0x0000000000016ef8       0x64 build/py/smallint.o
                0x0000000000016ef8                mp_small_int_mul_overflow
 .text.mp_small_int_modulo
                0x0000000000016f5c       0x28 build/py/smallint.o
                0x0000000000016f5c                mp_small_int_modulo
 .text.mp_small_int_floor_divide
                0x0000000000016f84       0x28 build/py/smallint.o
                0x0000000000016f84                mp_small_int_floor_divide
 .text.mp_find_frozen_module
                0x0000000000016fac       0xd0 build/py/frozenmod.o
                0x0000000000016fac                mp_find_frozen_module
 .text.startup.main
                0x000000000001707c       0x40 build/main.o
                0x000000000001707c                main
 .text.gc_collect
                0x00000000000170bc       0x3c build/main.o
                0x00000000000170bc                gc_collect
 .text.mp_lexer_new_from_file
                0x00000000000170f8       0x10 build/main.o
                0x00000000000170f8                mp_lexer_new_from_file
 .text.mp_import_stat
                0x0000000000017108        0x8 build/main.o
                0x0000000000017108                mp_import_stat
 .text.nlr_jump_fail
                0x0000000000017110        0x4 build/main.o
                0x0000000000017110                nlr_jump_fail
 .text.mp_hal_stdin_rx_chr
                0x0000000000017114       0x28 build/uart_core.o
                0x0000000000017114                mp_hal_stdin_rx_chr
 .text.mp_hal_stdout_tx_strn
                0x000000000001713c       0x10 build/uart_core.o
                0x000000000001713c                mp_hal_stdout_tx_strn
 .text.strn_print_strn
                0x000000000001714c       0x48 build/shared/libc/printf.o
 .text.printf   0x0000000000017194       0x84 build/shared/libc/printf.o
                0x0000000000017194                printf
 .text.vsnprintf
                0x0000000000017218       0x6c build/shared/libc/printf.o
                0x0000000000017218                vsnprintf
 .text.snprintf
                0x0000000000017284       0x74 build/shared/libc/printf.o
                0x0000000000017284                snprintf
 .text.mp_hal_move_cursor_back
                0x00000000000172f8       0x64 build/shared/readline/readline.o
 .text.readline_init
                0x000000000001735c       0x30 build/shared/readline/readline.o
                0x000000000001735c                readline_init
 .text.readline_push_history
                0x000000000001738c       0x8c build/shared/readline/readline.o
                0x000000000001738c                readline_push_history
 .text.readline_process_char
                0x0000000000017418      0x494 build/shared/readline/readline.o
                0x0000000000017418                readline_process_char
 .text.readline
                0x00000000000178ac       0x20 build/shared/readline/readline.o
                0x00000000000178ac                readline
 .text.parse_compile_execute
                0x00000000000178cc      0x1a4 build/shared/runtime/pyexec.o
 .text.pyexec_friendly_repl
                0x0000000000017a70      0x1dc build/shared/runtime/pyexec.o
                0x0000000000017a70                pyexec_friendly_repl
 .text.mp_hal_stdout_tx_strn_cooked
                0x0000000000017c4c       0x8c build/shared/runtime/stdout_helpers.o
                0x0000000000017c4c                mp_hal_stdout_tx_strn_cooked
 .text.mp_hal_stdout_tx_str
                0x0000000000017cd8       0x28 build/shared/runtime/stdout_helpers.o
                0x0000000000017cd8                mp_hal_stdout_tx_str
 .text          0x0000000000017d00       0xa0 ../../../../build/lib/libc/libc.a(crt1.c.obj)
                0x0000000000017d00                finish_child
                0x0000000000017d6c                term_default
 .text          0x0000000000017da0       0x70 ../../../../build/lib/libc/libc.a(strcmp.c.obj)
                0x0000000000017da0                strcmp
 .text          0x0000000000017e10       0xc4 ../../../../build/lib/libc/libc.a(strncmp.c.obj)
                0x0000000000017e10                strncmp
 .text          0x0000000000017ed4       0x44 ../../../../build/lib/libc/libc.a(strlen.c.obj)
                0x0000000000017ed4                strlen
 .text          0x0000000000017f18      0xa54 ../../../../build/lib/libc/libc.a(memcpy.c.obj)
                0x0000000000017f18                memcpy
 .text          0x000000000001896c      0x358 ../../../../build/lib/libc/libc.a(memset.c.obj)
                0x000000000001896c                memset
 .text          0x0000000000018cc4       0xa0 ../../../../build/lib/libc/libc.a(memcmp.c.obj)
                0x0000000000018cc4                memcmp
 .text          0x0000000000018d64      0x270 ../../../../build/lib/libc/libc.a(memmove.c.obj)
                0x0000000000018d64                memmove
 .text          0x0000000000018fd4       0x4c ../../../../build/lib/libc/libc.a(strchr.c.obj)
                0x0000000000018fd4                strchr
 .text          0x0000000000019020       0x30 ../../../../build/lib/libc/libc.a(write.c.obj)
                0x0000000000019020                write
 .text          0x0000000000019050       0x30 ../../../../build/lib/libc/libc.a(read.c.obj)
                0x0000000000019050                read
 .text          0x0000000000019080       0x14 ../../../../build/lib/libc/libc.a(getpid.c.obj)
                0x0000000000019080                getpid
 .text          0x0000000000019094       0x88 ../../../../build/lib/libc/libc.a(exit.c.obj)
                0x0000000000019094                __funcs_on_exit
                0x0000000000019094                __stdio_exit
                0x0000000000019094                _fini
                0x000000000001909c                __libc_exit_fini
                0x00000000000190fc                exit
 .text          0x000000000001911c       0x14 ../../../../build/lib/libc/libc.a(_Exit.c.obj)
                0x000000000001911c                _Exit
 .text          0x0000000000019130       0x2c ../../../../build/lib/libc/libc.a(waitpid.c.obj)
                0x0000000000019130                waitpid
 .text          0x000000000001915c      0x3a0 ../../../../build/lib/libc/libc.a(sigaction.c.obj)
                0x00000000000192a8                __get_handler_set
                0x00000000000192d4                __restore
                0x0000000000019308                __restore_rt
                0x0000000000019330                __libc_sigaction
                0x0000000000019498                sigaction
                0x0000000000019498                __sigaction
 .text          0x00000000000194fc      0x124 ../../../../build/lib/libc/libc.a(strchrnul.c.obj)
                0x00000000000194fc                __strchrnul
                0x00000000000194fc                strchrnul

.iplt           0x0000000000019620        0x0
 .iplt          0x0000000000019620        0x0 build/py/nlr.o

.rela.dyn       0x0000000000019620        0x0
 .rela.iplt     0x0000000000019620        0x0 build/py/nlr.o
 .rela.head     0x0000000000019620        0x0 build/py/nlr.o
 .rela.rodata   0x0000000000019620        0x0 build/py/nlr.o
                0x000000000001a000                . = ALIGN (0x1000)

.rodata         0x000000000001a000       0x28
 .rodata        0x000000000001a000       0x11 ../../../../build/lib/libc/libc.a(crt1.c.obj)
 *fill*         0x000000000001a011        0x7 
 .rodata        0x000000000001a018       0x10 ../../../../build/lib/libc/libc.a(exit.c.obj)

.rodata.gc_dump_info.str1.1
                0x000000000001a028       0x68
 .rodata.gc_dump_info.str1.1
                0x000000000001a028       0x68 build/py/gc.o

.rodata.qstr_from_strn.str1.1
                0x000000000001a090        0x5
 .rodata.qstr_from_strn.str1.1
                0x000000000001a090        0x5 build/py/qstr.o

.rodata.mp_decompress_rom_string.str1.1
                0x000000000001a095      0x2e4
 .rodata.mp_decompress_rom_string.str1.1
                0x000000000001a095      0x2e4 build/py/qstr.o

.rodata.str1.1  0x000000000001a379      0x751
 .rodata.str1.1
                0x000000000001a379      0x621 build/py/qstr.o
                                        0x671 (size before relaxing)
 .rodata.str1.1
                0x000000000001a99a       0xa5 build/py/lexer.o
                                         0xbc (size before relaxing)
 .rodata.str1.1
                0x000000000001aa3f       0x21 build/py/objdict.o
 .rodata.str1.1
                0x000000000001aa60        0x1 build/py/objstr.o
 .rodata.str1.1
                0x000000000001aa60       0x6a build/build/_frozen_mpy.o

.rodata.mp_qstr_const_hashes
                0x000000000001aaca       0xce
 .rodata.mp_qstr_const_hashes
                0x000000000001aaca       0xce build/py/qstr.o
                0x000000000001aaca                mp_qstr_const_hashes

.rodata.mp_qstr_const_lengths
                0x000000000001ab98       0xce
 .rodata.mp_qstr_const_lengths
                0x000000000001ab98       0xce build/py/qstr.o
                0x000000000001ab98                mp_qstr_const_lengths

.rodata.mp_qstr_const_pool
                0x000000000001ac68      0x6a0
 .rodata.mp_qstr_const_pool
                0x000000000001ac68      0x6a0 build/py/qstr.o
                0x000000000001ac68                mp_qstr_const_pool

.rodata.mp_print_mp_int.str1.1
                0x000000000001b308        0x1
 .rodata.mp_print_mp_int.str1.1
                0x000000000001b308        0x1 build/py/mpprint.o

.rodata.mp_vprintf.str1.1
                0x000000000001b309        0xb
 .rodata.mp_vprintf.str1.1
                0x000000000001b309        0xb build/py/mpprint.o

.rodata.mp_vprintf
                0x000000000001b314       0x2e
 .rodata.mp_vprintf
                0x000000000001b314       0x2e build/py/mpprint.o

.rodata.mp_plat_print
                0x000000000001b348       0x10
 .rodata.mp_plat_print
                0x000000000001b348       0x10 build/py/mpprint.o
                0x000000000001b348                mp_plat_print

.rodata.pad_spaces
                0x000000000001b358       0x11
 .rodata.pad_spaces
                0x000000000001b358       0x11 build/py/mpprint.o

.rodata.pad_zeroes
                0x000000000001b369       0x11
 .rodata.pad_zeroes
                0x000000000001b369       0x11 build/py/mpprint.o

.rodata.attr    0x000000000001b37a       0x80
 .rodata.attr   0x000000000001b37a       0x80 build/py/unicode.o

.rodata.mp_lexer_to_next.str1.1
                0x000000000001b3fa       0x56
 .rodata.mp_lexer_to_next.str1.1
                0x000000000001b3fa       0x56 build/py/lexer.o

.rodata.mp_lexer_to_next
                0x000000000001b450       0x1d
 .rodata.mp_lexer_to_next
                0x000000000001b450       0x1d build/py/lexer.o

.rodata.tok_enc_kind
                0x000000000001b46d       0x2c
 .rodata.tok_enc_kind
                0x000000000001b46d       0x2c build/py/lexer.o

.rodata.tok_kw  0x000000000001b4a0      0x110
 .rodata.tok_kw
                0x000000000001b4a0      0x110 build/py/lexer.o

.rodata.mp_parse.str1.1
                0x000000000001b5b0       0x20
 .rodata.mp_parse.str1.1
                0x000000000001b5b0       0x20 build/py/parse.o

.rodata.rule_act_table
                0x000000000001b5d0       0xa3
 .rodata.rule_act_table
                0x000000000001b5d0       0xa3 build/py/parse.o

.rodata.rule_arg_combined_table
                0x000000000001b674      0x348
 .rodata.rule_arg_combined_table
                0x000000000001b674      0x348 build/py/parse.o

.rodata.rule_arg_offset_table
                0x000000000001b9bc       0xa3
 .rodata.rule_arg_offset_table
                0x000000000001b9bc       0xa3 build/py/parse.o

.rodata.scope_simple_name_table
                0x000000000001ba5f        0x7
 .rodata.scope_simple_name_table
                0x000000000001ba5f        0x7 build/py/scope.o

.rodata.compile_star_expr.str1.1
                0x000000000001ba66        0xc
 .rodata.compile_star_expr.str1.1
                0x000000000001ba66        0xc build/py/compile.o

.rodata.compile_break_cont_stmt.str1.1
                0x000000000001ba72        0x8
 .rodata.compile_break_cont_stmt.str1.1
                0x000000000001ba72        0x8 build/py/compile.o

.rodata.c_assign.str1.1
                0x000000000001ba7a        0x6
 .rodata.c_assign.str1.1
                0x000000000001ba7a        0x6 build/py/compile.o

.rodata.c_assign_tuple.str1.1
                0x000000000001ba80        0x6
 .rodata.c_assign_tuple.str1.1
                0x000000000001ba80        0x6 build/py/compile.o

.rodata.compile_yield_expr.str1.1
                0x000000000001ba86        0x5
 .rodata.compile_yield_expr.str1.1
                0x000000000001ba86        0x5 build/py/compile.o

.rodata.c_del_stmt.str1.1
                0x000000000001ba8b        0xa
 .rodata.c_del_stmt.str1.1
                0x000000000001ba8b        0xa build/py/compile.o

.rodata.compile_trailer_paren_helper.str1.1
                0x000000000001ba95       0x26
 .rodata.compile_trailer_paren_helper.str1.1
                0x000000000001ba95       0x26 build/py/compile.o

.rodata.compile_decorated.str1.1
                0x000000000001babb       0x18
 .rodata.compile_decorated.str1.1
                0x000000000001babb       0x18 build/py/compile.o

.rodata.compile_funcdef_lambdef_param.str1.1
                0x000000000001bad3       0x17
 .rodata.compile_funcdef_lambdef_param.str1.1
                0x000000000001bad3       0x17 build/py/compile.o

.rodata.compile_atom_expr_normal.str1.1
                0x000000000001baea        0xf
 .rodata.compile_atom_expr_normal.str1.1
                0x000000000001baea        0xf build/py/compile.o

.rodata.compile_try_except.str1.1
                0x000000000001baf9        0xa
 .rodata.compile_try_except.str1.1